Archive member included to satisfy reference by file (symbol)

d:/2-2022/sistemas_embebidos/stm32cubeide_1.10.1/stm32cubeide/plugins/com.st.stm32cube.ide.mcu.externaltools.gnu-tools-for-stm32.10.3-2021.10.win32_1.0.0.202111181127/tools/bin/../lib/gcc/arm-none-eabi/10.3.1/../../../../arm-none-eabi/lib/thumb/v7-m/nofp\libc_nano.a(lib_a-errno.o)
                              ./Src/syscalls.o (__errno)
d:/2-2022/sistemas_embebidos/stm32cubeide_1.10.1/stm32cubeide/plugins/com.st.stm32cube.ide.mcu.externaltools.gnu-tools-for-stm32.10.3-2021.10.win32_1.0.0.202111181127/tools/bin/../lib/gcc/arm-none-eabi/10.3.1/../../../../arm-none-eabi/lib/thumb/v7-m/nofp\libc_nano.a(lib_a-exit.o)
                              d:/2-2022/sistemas_embebidos/stm32cubeide_1.10.1/stm32cubeide/plugins/com.st.stm32cube.ide.mcu.externaltools.gnu-tools-for-stm32.10.3-2021.10.win32_1.0.0.202111181127/tools/bin/../lib/gcc/arm-none-eabi/10.3.1/../../../../arm-none-eabi/lib/thumb/v7-m/nofp/crt0.o (exit)
d:/2-2022/sistemas_embebidos/stm32cubeide_1.10.1/stm32cubeide/plugins/com.st.stm32cube.ide.mcu.externaltools.gnu-tools-for-stm32.10.3-2021.10.win32_1.0.0.202111181127/tools/bin/../lib/gcc/arm-none-eabi/10.3.1/../../../../arm-none-eabi/lib/thumb/v7-m/nofp\libc_nano.a(lib_a-impure.o)
                              d:/2-2022/sistemas_embebidos/stm32cubeide_1.10.1/stm32cubeide/plugins/com.st.stm32cube.ide.mcu.externaltools.gnu-tools-for-stm32.10.3-2021.10.win32_1.0.0.202111181127/tools/bin/../lib/gcc/arm-none-eabi/10.3.1/../../../../arm-none-eabi/lib/thumb/v7-m/nofp\libc_nano.a(lib_a-exit.o) (_global_impure_ptr)
d:/2-2022/sistemas_embebidos/stm32cubeide_1.10.1/stm32cubeide/plugins/com.st.stm32cube.ide.mcu.externaltools.gnu-tools-for-stm32.10.3-2021.10.win32_1.0.0.202111181127/tools/bin/../lib/gcc/arm-none-eabi/10.3.1/../../../../arm-none-eabi/lib/thumb/v7-m/nofp\libc_nano.a(lib_a-init.o)
                              d:/2-2022/sistemas_embebidos/stm32cubeide_1.10.1/stm32cubeide/plugins/com.st.stm32cube.ide.mcu.externaltools.gnu-tools-for-stm32.10.3-2021.10.win32_1.0.0.202111181127/tools/bin/../lib/gcc/arm-none-eabi/10.3.1/../../../../arm-none-eabi/lib/thumb/v7-m/nofp/crt0.o (__libc_init_array)
d:/2-2022/sistemas_embebidos/stm32cubeide_1.10.1/stm32cubeide/plugins/com.st.stm32cube.ide.mcu.externaltools.gnu-tools-for-stm32.10.3-2021.10.win32_1.0.0.202111181127/tools/bin/../lib/gcc/arm-none-eabi/10.3.1/../../../../arm-none-eabi/lib/thumb/v7-m/nofp\libc_nano.a(lib_a-memset.o)
                              d:/2-2022/sistemas_embebidos/stm32cubeide_1.10.1/stm32cubeide/plugins/com.st.stm32cube.ide.mcu.externaltools.gnu-tools-for-stm32.10.3-2021.10.win32_1.0.0.202111181127/tools/bin/../lib/gcc/arm-none-eabi/10.3.1/../../../../arm-none-eabi/lib/thumb/v7-m/nofp/crt0.o (memset)
d:/2-2022/sistemas_embebidos/stm32cubeide_1.10.1/stm32cubeide/plugins/com.st.stm32cube.ide.mcu.externaltools.gnu-tools-for-stm32.10.3-2021.10.win32_1.0.0.202111181127/tools/bin/../lib/gcc/arm-none-eabi/10.3.1/thumb/v7-m/nofp\libgcc.a(_arm_muldf3.o)
                              ./ECUAL/SERVO/SERVO.o (__aeabi_dmul)
d:/2-2022/sistemas_embebidos/stm32cubeide_1.10.1/stm32cubeide/plugins/com.st.stm32cube.ide.mcu.externaltools.gnu-tools-for-stm32.10.3-2021.10.win32_1.0.0.202111181127/tools/bin/../lib/gcc/arm-none-eabi/10.3.1/thumb/v7-m/nofp\libgcc.a(_arm_mulsf3.o)
                              ./ECUAL/SERVO/SERVO.o (__aeabi_fmul)
d:/2-2022/sistemas_embebidos/stm32cubeide_1.10.1/stm32cubeide/plugins/com.st.stm32cube.ide.mcu.externaltools.gnu-tools-for-stm32.10.3-2021.10.win32_1.0.0.202111181127/tools/bin/../lib/gcc/arm-none-eabi/10.3.1/thumb/v7-m/nofp\libgcc.a(_arm_addsubdf3.o)
                              ./ECUAL/SERVO/SERVO.o (__aeabi_dsub)
d:/2-2022/sistemas_embebidos/stm32cubeide_1.10.1/stm32cubeide/plugins/com.st.stm32cube.ide.mcu.externaltools.gnu-tools-for-stm32.10.3-2021.10.win32_1.0.0.202111181127/tools/bin/../lib/gcc/arm-none-eabi/10.3.1/thumb/v7-m/nofp\libgcc.a(_arm_muldivdf3.o)
                              ./ECUAL/SERVO/SERVO.o (__aeabi_ddiv)
d:/2-2022/sistemas_embebidos/stm32cubeide_1.10.1/stm32cubeide/plugins/com.st.stm32cube.ide.mcu.externaltools.gnu-tools-for-stm32.10.3-2021.10.win32_1.0.0.202111181127/tools/bin/../lib/gcc/arm-none-eabi/10.3.1/thumb/v7-m/nofp\libgcc.a(_arm_fixunsdfsi.o)
                              ./ECUAL/SERVO/SERVO.o (__aeabi_d2uiz)
d:/2-2022/sistemas_embebidos/stm32cubeide_1.10.1/stm32cubeide/plugins/com.st.stm32cube.ide.mcu.externaltools.gnu-tools-for-stm32.10.3-2021.10.win32_1.0.0.202111181127/tools/bin/../lib/gcc/arm-none-eabi/10.3.1/thumb/v7-m/nofp\libgcc.a(_arm_truncdfsf2.o)
                              ./Src/main.o (__aeabi_d2f)
d:/2-2022/sistemas_embebidos/stm32cubeide_1.10.1/stm32cubeide/plugins/com.st.stm32cube.ide.mcu.externaltools.gnu-tools-for-stm32.10.3-2021.10.win32_1.0.0.202111181127/tools/bin/../lib/gcc/arm-none-eabi/10.3.1/thumb/v7-m/nofp\libgcc.a(_arm_addsubsf3.o)
                              ./ECUAL/SERVO/SERVO.o (__aeabi_ui2f)
[...]
Memory Configuration

Name             Origin             Length             Attributes
RAM              0x0000000020000000 0x0000000000005000 xrw
FLASH            0x0000000008000000 0x0000000000010000 xr
*default*        0x0000000000000000 0xffffffffffffffff

Linker script and memory map

LOAD d:/2-2022/sistemas_embebidos/stm32cubeide_1.10.1/stm32cubeide/plugins/com.st.stm32cube.ide.mcu.externaltools.gnu-tools-for-stm32.10.3-2021.10.win32_1.0.0.202111181127/tools/bin/../lib/gcc/arm-none-eabi/10.3.1/thumb/v7-m/nofp/crti.o
LOAD d:/2-2022/sistemas_embebidos/stm32cubeide_1.10.1/stm32cubeide/plugins/com.st.stm32cube.ide.mcu.externaltools.gnu-tools-for-stm32.10.3-2021.10.win32_1.0.0.202111181127/tools/bin/../lib/gcc/arm-none-eabi/10.3.1/thumb/v7-m/nofp/crtbegin.o
LOAD d:/2-2022/sistemas_embebidos/stm32cubeide_1.10.1/stm32cubeide/plugins/com.st.stm32cube.ide.mcu.externaltools.gnu-tools-for-stm32.10.3-2021.10.win32_1.0.0.202111181127/tools/bin/../lib/gcc/arm-none-eabi/10.3.1/../../../../arm-none-eabi/lib/thumb/v7-m/nofp/crt0.o
LOAD ./Drivers/STM32F1xx_HAL_Driver/Src/stm32f1xx_hal.o
LOAD ./Drivers/STM32F1xx_HAL_Driver/Src/stm32f1xx_hal_adc.o
LOAD ./Drivers/STM32F1xx_HAL_Driver/Src/stm32f1xx_hal_adc_ex.o
LOAD ./Drivers/STM32F1xx_HAL_Driver/Src/stm32f1xx_hal_cortex.o
LOAD ./Drivers/STM32F1xx_HAL_Driver/Src/stm32f1xx_hal_dma.o
LOAD ./Drivers/STM32F1xx_HAL_Driver/Src/stm32f1xx_hal_exti.o
LOAD ./Drivers/STM32F1xx_HAL_Driver/Src/stm32f1xx_hal_flash.o
LOAD ./Drivers/STM32F1xx_HAL_Driver/Src/stm32f1xx_hal_flash_ex.o
LOAD ./Drivers/STM32F1xx_HAL_Driver/Src/stm32f1xx_hal_gpio.o
LOAD ./Drivers/STM32F1xx_HAL_Driver/Src/stm32f1xx_hal_gpio_ex.o
LOAD ./Drivers/STM32F1xx_HAL_Driver/Src/stm32f1xx_hal_pwr.o
LOAD ./Drivers/STM32F1xx_HAL_Driver/Src/stm32f1xx_hal_rcc.o
LOAD ./Drivers/STM32F1xx_HAL_Driver/Src/stm32f1xx_hal_rcc_ex.o
LOAD ./Drivers/STM32F1xx_HAL_Driver/Src/stm32f1xx_hal_tim.o
LOAD ./Drivers/STM32F1xx_HAL_Driver/Src/stm32f1xx_hal_tim_ex.o
LOAD ./ECUAL/SERVO/SERVO.o
LOAD ./ECUAL/SERVO/SERVO_cfg.o
LOAD ./Src/main.o
LOAD ./Src/stm32f1xx_hal_msp.o
LOAD ./Src/stm32f1xx_it.o
LOAD ./Src/syscalls.o
LOAD ./Src/sysmem.o
LOAD ./Src/system_stm32f1xx.o
LOAD ./Startup/startup_stm32f103c8tx.o
LOAD ./util/DWT_Delay.o
LOAD ./util/Timer_Delay.o
START GROUP
LOAD d:/2-2022/sistemas_embebidos/stm32cubeide_1.10.1/stm32cubeide/plugins/com.st.stm32cube.ide.mcu.externaltools.gnu-tools-for-stm32.10.3-2021.10.win32_1.0.0.202111181127/tools/bin/../lib/gcc/arm-none-eabi/10.3.1/../../../../arm-none-eabi/lib/thumb/v7-m/nofp\libc_nano.a
LOAD d:/2-2022/sistemas_embebidos/stm32cubeide_1.10.1/stm32cubeide/plugins/com.st.stm32cube.ide.mcu.externaltools.gnu-tools-for-stm32.10.3-2021.10.win32_1.0.0.202111181127/tools/bin/../lib/gcc/arm-none-eabi/10.3.1/../../../../arm-none-eabi/lib/thumb/v7-m/nofp\libm.a
END GROUP
START GROUP
LOAD d:/2-2022/sistemas_embebidos/stm32cubeide_1.10.1/stm32cubeide/plugins/com.st.stm32cube.ide.mcu.externaltools.gnu-tools-for-stm32.10.3-2021.10.win32_1.0.0.202111181127/tools/bin/../lib/gcc/arm-none-eabi/10.3.1/thumb/v7-m/nofp\libgcc.a
LOAD d:/2-2022/sistemas_embebidos/stm32cubeide_1.10.1/stm32cubeide/plugins/com.st.stm32cube.ide.mcu.externaltools.gnu-tools-for-stm32.10.3-2021.10.win32_1.0.0.202111181127/tools/bin/../lib/gcc/arm-none-eabi/10.3.1/../../../../arm-none-eabi/lib/thumb/v7-m/nofp\libc_nano.a
END GROUP
START GROUP
LOAD d:/2-2022/sistemas_embebidos/stm32cubeide_1.10.1/stm32cubeide/plugins/com.st.stm32cube.ide.mcu.externaltools.gnu-tools-for-stm32.10.3-2021.10.win32_1.0.0.202111181127/tools/bin/../lib/gcc/arm-none-eabi/10.3.1/thumb/v7-m/nofp\libgcc.a
LOAD d:/2-2022/sistemas_embebidos/stm32cubeide_1.10.1/stm32cubeide/plugins/com.st.stm32cube.ide.mcu.externaltools.gnu-tools-for-stm32.10.3-2021.10.win32_1.0.0.202111181127/tools/bin/../lib/gcc/arm-none-eabi/10.3.1/../../../../arm-none-eabi/lib/thumb/v7-m/nofp\libc_nano.a
LOAD d:/2-2022/sistemas_embebidos/stm32cubeide_1.10.1/stm32cubeide/plugins/com.st.stm32cube.ide.mcu.externaltools.gnu-tools-for-stm32.10.3-2021.10.win32_1.0.0.202111181127/tools/bin/../lib/gcc/arm-none-eabi/10.3.1/../../../../arm-none-eabi/lib/thumb/v7-m/nofp\libnosys.a
END GROUP
START GROUP
LOAD d:/2-2022/sistemas_embebidos/stm32cubeide_1.10.1/stm32cubeide/plugins/com.st.stm32cube.ide.mcu.externaltools.gnu-tools-for-stm32.10.3-2021.10.win32_1.0.0.202111181127/tools/bin/../lib/gcc/arm-none-eabi/10.3.1/thumb/v7-m/nofp\libgcc.a
LOAD d:/2-2022/sistemas_embebidos/stm32cubeide_1.10.1/stm32cubeide/plugins/com.st.stm32cube.ide.mcu.externaltools.gnu-tools-for-stm32.10.3-2021.10.win32_1.0.0.202111181127/tools/bin/../lib/gcc/arm-none-eabi/10.3.1/../../../../arm-none-eabi/lib/thumb/v7-m/nofp\libc_nano.a
LOAD d:/2-2022/sistemas_embebidos/stm32cubeide_1.10.1/stm32cubeide/plugins/com.st.stm32cube.ide.mcu.externaltools.gnu-tools-for-stm32.10.3-2021.10.win32_1.0.0.202111181127/tools/bin/../lib/gcc/arm-none-eabi/10.3.1/../../../../arm-none-eabi/lib/thumb/v7-m/nofp\libnosys.a
END GROUP
LOAD d:/2-2022/sistemas_embebidos/stm32cubeide_1.10.1/stm32cubeide/plugins/com.st.stm32cube.ide.mcu.externaltools.gnu-tools-for-stm32.10.3-2021.10.win32_1.0.0.202111181127/tools/bin/../lib/gcc/arm-none-eabi/10.3.1/thumb/v7-m/nofp/crtend.o
LOAD d:/2-2022/sistemas_embebidos/stm32cubeide_1.10.1/stm32cubeide/plugins/com.st.stm32cube.ide.mcu.externaltools.gnu-tools-for-stm32.10.3-2021.10.win32_1.0.0.202111181127/tools/bin/../lib/gcc/arm-none-eabi/10.3.1/thumb/v7-m/nofp/crtn.o
                0x0000000020005000                _estack = (ORIGIN (RAM) + LENGTH (RAM))
                0x0000000000000200                _Min_Heap_Size = 0x200
                0x0000000000000400                _Min_Stack_Size = 0x400

.isr_vector     0x0000000008000000      0x10c
                0x0000000008000000                . = ALIGN (0x4)
 *(.isr_vector)
 .isr_vector    0x0000000008000000      0x10c ./Startup/startup_stm32f103c8tx.o
                0x0000000008000000                g_pfnVectors
                0x000000000800010c                . = ALIGN (0x4)

.text           0x000000000800010c     0x3954
                0x000000000800010c                . = ALIGN (0x4)
 *(.text)
 .text          0x000000000800010c       0x40 d:/2-2022/sistemas_embebidos/stm32cubeide_1.10.1/stm32cubeide/plugins/com.st.stm32cube.ide.mcu.externaltools.gnu-tools-for-stm32.10.3-2021.10.win32_1.0.0.202111181127/tools/bin/../lib/gcc/arm-none-eabi/10.3.1/thumb/v7-m/nofp/crtbegin.o
 .text          0x000000000800014c      0x168 d:/2-2022/sistemas_embebidos/stm32cubeide_1.10.1/stm32cubeide/plugins/com.st.stm32cube.ide.mcu.externaltools.gnu-tools-for-stm32.10.3-2021.10.win32_1.0.0.202111181127/tools/bin/../lib/gcc/arm-none-eabi/10.3.1/thumb/v7-m/nofp\libgcc.a(_arm_mulsf3.o)
                0x000000000800014c                __aeabi_fmul
                0x000000000800014c                __mulsf3
 .text          0x00000000080002b4      0x378 d:/2-2022/sistemas_embebidos/stm32cubeide_1.10.1/stm32cubeide/plugins/com.st.stm32cube.ide.mcu.externaltools.gnu-tools-for-stm32.10.3-2021.10.win32_1.0.0.202111181127/tools/bin/../lib/gcc/arm-none-eabi/10.3.1/thumb/v7-m/nofp\libgcc.a(_arm_addsubdf3.o)
                0x00000000080002b4                __aeabi_drsub
                0x00000000080002bc                __aeabi_dsub
                0x00000000080002bc                __subdf3
                0x00000000080002c0                __aeabi_dadd
                0x00000000080002c0                __adddf3
                0x0000000008000538                __floatunsidf
                0x0000000008000538                __aeabi_ui2d
                0x0000000008000558                __floatsidf
                0x0000000008000558                __aeabi_i2d
                0x000000000800057c                __aeabi_f2d
                0x000000000800057c                __extendsfdf2
                0x00000000080005c0                __floatundidf
                0x00000000080005c0                __aeabi_ul2d
                0x00000000080005d0                __floatdidf
                0x00000000080005d0                __aeabi_l2d
 .text          0x000000000800062c      0x424 d:/2-2022/sistemas_embebidos/stm32cubeide_1.10.1/stm32cubeide/plugins/com.st.stm32cube.ide.mcu.externaltools.gnu-tools-for-stm32.10.3-2021.10.win32_1.0.0.202111181127/tools/bin/../lib/gcc/arm-none-eabi/10.3.1/thumb/v7-m/nofp\libgcc.a(_arm_muldivdf3.o)
                0x000000000800062c                __aeabi_dmul
                0x000000000800062c                __muldf3
                0x0000000008000880                __divdf3
                0x0000000008000880                __aeabi_ddiv
 .text          0x0000000008000a50       0x40 d:/2-2022/sistemas_embebidos/stm32cubeide_1.10.1/stm32cubeide/plugins/com.st.stm32cube.ide.mcu.externaltools.gnu-tools-for-stm32.10.3-2021.10.win32_1.0.0.202111181127/tools/bin/../lib/gcc/arm-none-eabi/10.3.1/thumb/v7-m/nofp\libgcc.a(_arm_fixunsdfsi.o)
                0x0000000008000a50                __aeabi_d2uiz
                0x0000000008000a50                __fixunsdfsi
 .text          0x0000000008000a90       0xa0 d:/2-2022/sistemas_embebidos/stm32cubeide_1.10.1/stm32cubeide/plugins/com.st.stm32cube.ide.mcu.externaltools.gnu-tools-for-stm32.10.3-2021.10.win32_1.0.0.202111181127/tools/bin/../lib/gcc/arm-none-eabi/10.3.1/thumb/v7-m/nofp\libgcc.a(_arm_truncdfsf2.o)
                0x0000000008000a90                __truncdfsf2
                0x0000000008000a90                __aeabi_d2f
 .text          0x0000000008000b30      0x21c d:/2-2022/sistemas_embebidos/stm32cubeide_1.10.1/stm32cubeide/plugins/com.st.stm32cube.ide.mcu.externaltools.gnu-tools-for-stm32.10.3-2021.10.win32_1.0.0.202111181127/tools/bin/../lib/gcc/arm-none-eabi/10.3.1/thumb/v7-m/nofp\libgcc.a(_arm_addsubsf3.o)
                0x0000000008000b30                __aeabi_frsub
                0x0000000008000b38                __subsf3
                0x0000000008000b38                __aeabi_fsub
                0x0000000008000b3c                __aeabi_fadd
                0x0000000008000b3c                __addsf3
                0x0000000008000c9c                __aeabi_ui2f
                0x0000000008000c9c                __floatunsisf
                0x0000000008000ca4                __aeabi_i2f
                0x0000000008000ca4                __floatsisf
                0x0000000008000cc0                __aeabi_ul2f
                0x0000000008000cc0                __floatundisf
                0x0000000008000cd0                __aeabi_l2f
                0x0000000008000cd0                __floatdisf
 .text          0x0000000008000d4c       0x40 d:/2-2022/sistemas_embebidos/stm32cubeide_1.10.1/stm32cubeide/plugins/com.st.stm32cube.ide.mcu.externaltools.gnu-tools-for-stm32.10.3-2021.10.win32_1.0.0.202111181127/tools/bin/../lib/gcc/arm-none-eabi/10.3.1/thumb/v7-m/nofp\libgcc.a(_arm_fixunssfsi.o)
                0x0000000008000d4c                __fixunssfsi
                0x0000000008000d4c                __aeabi_f2uiz
 *(.text*)
 .text.HAL_Init
                0x0000000008000d8c       0x2c ./Drivers/STM32F1xx_HAL_Driver/Src/stm32f1xx_hal.o
                0x0000000008000d8c                HAL_Init
 .text.HAL_InitTick
                0x0000000008000db8       0x60 ./Drivers/STM32F1xx_HAL_Driver/Src/stm32f1xx_hal.o
                0x0000000008000db8                HAL_InitTick
 .text.HAL_IncTick
                0x0000000008000e18       0x24 ./Drivers/STM32F1xx_HAL_Driver/Src/stm32f1xx_hal.o
                0x0000000008000e18                HAL_IncTick
 .text.HAL_GetTick
                0x0000000008000e3c       0x14 ./Drivers/STM32F1xx_HAL_Driver/Src/stm32f1xx_hal.o
                0x0000000008000e3c                HAL_GetTick
 .text.HAL_Delay
                0x0000000008000e50       0x48 ./Drivers/STM32F1xx_HAL_Driver/Src/stm32f1xx_hal.o
                0x0000000008000e50                HAL_Delay
 .text.HAL_ADC_Init
                0x0000000008000e98      0x1b0 ./Drivers/STM32F1xx_HAL_Driver/Src/stm32f1xx_hal_adc.o
                0x0000000008000e98                HAL_ADC_Init
 .text.HAL_ADC_Start
                0x0000000008001048      0x15c ./Drivers/STM32F1xx_HAL_Driver/Src/stm32f1xx_hal_adc.o
                0x0000000008001048                HAL_ADC_Start
 .text.HAL_ADC_PollForConversion
                0x00000000080011a4      0x1f4 ./Drivers/STM32F1xx_HAL_Driver/Src/stm32f1xx_hal_adc.o
                0x00000000080011a4                HAL_ADC_PollForConversion
 .text.HAL_ADC_GetValue
                0x0000000008001398       0x18 ./Drivers/STM32F1xx_HAL_Driver/Src/stm32f1xx_hal_adc.o
                0x0000000008001398                HAL_ADC_GetValue
 .text.HAL_ADC_ConfigChannel
                0x00000000080013b0      0x1f0 ./Drivers/STM32F1xx_HAL_Driver/Src/stm32f1xx_hal_adc.o
                0x00000000080013b0                HAL_ADC_ConfigChannel
 .text.ADC_Enable
                0x00000000080015a0       0xa4 ./Drivers/STM32F1xx_HAL_Driver/Src/stm32f1xx_hal_adc.o
                0x00000000080015a0                ADC_Enable
 .text.ADC_ConversionStop_Disable
                0x0000000008001644       0x74 ./Drivers/STM32F1xx_HAL_Driver/Src/stm32f1xx_hal_adc.o
                0x0000000008001644                ADC_ConversionStop_Disable
 .text.__NVIC_SetPriorityGrouping
                0x00000000080016b8       0x48 ./Drivers/STM32F1xx_HAL_Driver/Src/stm32f1xx_hal_cortex.o
 .text.__NVIC_GetPriorityGrouping
                0x0000000008001700       0x1c ./Drivers/STM32F1xx_HAL_Driver/Src/stm32f1xx_hal_cortex.o
 .text.__NVIC_SetPriority
                0x000000000800171c       0x54 ./Drivers/STM32F1xx_HAL_Driver/Src/stm32f1xx_hal_cortex.o
 .text.NVIC_EncodePriority
                0x0000000008001770       0x64 ./Drivers/STM32F1xx_HAL_Driver/Src/stm32f1xx_hal_cortex.o
 .text.SysTick_Config
                0x00000000080017d4       0x44 ./Drivers/STM32F1xx_HAL_Driver/Src/stm32f1xx_hal_cortex.o
 .text.HAL_NVIC_SetPriorityGrouping
                0x0000000008001818       0x16 ./Drivers/STM32F1xx_HAL_Driver/Src/stm32f1xx_hal_cortex.o
                0x0000000008001818                HAL_NVIC_SetPriorityGrouping
 .text.HAL_NVIC_SetPriority
                0x000000000800182e       0x38 ./Drivers/STM32F1xx_HAL_Driver/Src/stm32f1xx_hal_cortex.o
                0x000000000800182e                HAL_NVIC_SetPriority
 .text.HAL_SYSTICK_Config
                0x0000000008001866       0x18 ./Drivers/STM32F1xx_HAL_Driver/Src/stm32f1xx_hal_cortex.o
                0x0000000008001866                HAL_SYSTICK_Config
 *fill*         0x000000000800187e        0x2 
 .text.HAL_GPIO_Init
                0x0000000008001880      0x308 ./Drivers/STM32F1xx_HAL_Driver/Src/stm32f1xx_hal_gpio.o
                0x0000000008001880                HAL_GPIO_Init
 .text.HAL_RCC_OscConfig
                0x0000000008001b88      0x504 ./Drivers/STM32F1xx_HAL_Driver/Src/stm32f1xx_hal_rcc.o
                0x0000000008001b88                HAL_RCC_OscConfig
 .text.HAL_RCC_ClockConfig
                0x000000000800208c      0x1d4 ./Drivers/STM32F1xx_HAL_Driver/Src/stm32f1xx_hal_rcc.o
                0x000000000800208c                HAL_RCC_ClockConfig
 .text.HAL_RCC_GetSysClockFreq
                0x0000000008002260       0xbc ./Drivers/STM32F1xx_HAL_Driver/Src/stm32f1xx_hal_rcc.o
                0x0000000008002260                HAL_RCC_GetSysClockFreq
 .text.HAL_RCC_GetHCLKFreq
                0x000000000800231c       0x14 ./Drivers/STM32F1xx_HAL_Driver/Src/stm32f1xx_hal_rcc.o
                0x000000000800231c                HAL_RCC_GetHCLKFreq
 .text.HAL_RCC_GetPCLK2Freq
                0x0000000008002330       0x28 ./Drivers/STM32F1xx_HAL_Driver/Src/stm32f1xx_hal_rcc.o
                0x0000000008002330                HAL_RCC_GetPCLK2Freq
 .text.RCC_Delay
                0x0000000008002358       0x3c ./Drivers/STM32F1xx_HAL_Driver/Src/stm32f1xx_hal_rcc.o
 .text.HAL_RCCEx_PeriphCLKConfig
                0x0000000008002394      0x16c ./Drivers/STM32F1xx_HAL_Driver/Src/stm32f1xx_hal_rcc_ex.o
                0x0000000008002394                HAL_RCCEx_PeriphCLKConfig
 .text.HAL_RCCEx_GetPeriphCLKFreq
                0x0000000008002500      0x180 ./Drivers/STM32F1xx_HAL_Driver/Src/stm32f1xx_hal_rcc_ex.o
                0x0000000008002500                HAL_RCCEx_GetPeriphCLKFreq
 .text.HAL_TIM_Base_Init
                0x0000000008002680       0x56 ./Drivers/STM32F1xx_HAL_Driver/Src/stm32f1xx_hal_tim.o
                0x0000000008002680                HAL_TIM_Base_Init
 .text.HAL_TIM_Base_MspInit
                0x00000000080026d6       0x12 ./Drivers/STM32F1xx_HAL_Driver/Src/stm32f1xx_hal_tim.o
                0x00000000080026d6                HAL_TIM_Base_MspInit
 .text.HAL_TIM_PWM_Init
                0x00000000080026e8       0x56 ./Drivers/STM32F1xx_HAL_Driver/Src/stm32f1xx_hal_tim.o
                0x00000000080026e8                HAL_TIM_PWM_Init
 .text.HAL_TIM_PWM_MspInit
                0x000000000800273e       0x12 ./Drivers/STM32F1xx_HAL_Driver/Src/stm32f1xx_hal_tim.o
                0x000000000800273e                HAL_TIM_PWM_MspInit
 .text.HAL_TIM_PWM_Start
                0x0000000008002750       0x64 ./Drivers/STM32F1xx_HAL_Driver/Src/stm32f1xx_hal_tim.o
                0x0000000008002750                HAL_TIM_PWM_Start
 .text.HAL_TIM_PWM_ConfigChannel
                0x00000000080027b4      0x18c ./Drivers/STM32F1xx_HAL_Driver/Src/stm32f1xx_hal_tim.o
                0x00000000080027b4                HAL_TIM_PWM_ConfigChannel
 .text.HAL_TIM_ConfigClockSource
                0x0000000008002940      0x188 ./Drivers/STM32F1xx_HAL_Driver/Src/stm32f1xx_hal_tim.o
                0x0000000008002940                HAL_TIM_ConfigClockSource
 .text.TIM_Base_SetConfig
                0x0000000008002ac8       0xc4 ./Drivers/STM32F1xx_HAL_Driver/Src/stm32f1xx_hal_tim.o
                0x0000000008002ac8                TIM_Base_SetConfig
 .text.TIM_OC1_SetConfig
                0x0000000008002b8c       0xcc ./Drivers/STM32F1xx_HAL_Driver/Src/stm32f1xx_hal_tim.o
 .text.TIM_OC2_SetConfig
                0x0000000008002c58       0xd4 ./Drivers/STM32F1xx_HAL_Driver/Src/stm32f1xx_hal_tim.o
                0x0000000008002c58                TIM_OC2_SetConfig
 .text.TIM_OC3_SetConfig
                0x0000000008002d2c       0xd4 ./Drivers/STM32F1xx_HAL_Driver/Src/stm32f1xx_hal_tim.o
 .text.TIM_OC4_SetConfig
                0x0000000008002e00       0x9c ./Drivers/STM32F1xx_HAL_Driver/Src/stm32f1xx_hal_tim.o
 .text.TIM_TI1_ConfigInputStage
                0x0000000008002e9c       0x5c ./Drivers/STM32F1xx_HAL_Driver/Src/stm32f1xx_hal_tim.o
 .text.TIM_TI2_ConfigInputStage
                0x0000000008002ef8       0x5e ./Drivers/STM32F1xx_HAL_Driver/Src/stm32f1xx_hal_tim.o
 .text.TIM_ITRx_SetConfig
                0x0000000008002f56       0x34 ./Drivers/STM32F1xx_HAL_Driver/Src/stm32f1xx_hal_tim.o
 .text.TIM_ETR_SetConfig
                0x0000000008002f8a       0x3e ./Drivers/STM32F1xx_HAL_Driver/Src/stm32f1xx_hal_tim.o
                0x0000000008002f8a                TIM_ETR_SetConfig
 .text.TIM_CCxChannelCmd
                0x0000000008002fc8       0x48 ./Drivers/STM32F1xx_HAL_Driver/Src/stm32f1xx_hal_tim.o
                0x0000000008002fc8                TIM_CCxChannelCmd
 .text.HAL_TIMEx_MasterConfigSynchronization
                0x0000000008003010       0x88 ./Drivers/STM32F1xx_HAL_Driver/Src/stm32f1xx_hal_tim_ex.o
                0x0000000008003010                HAL_TIMEx_MasterConfigSynchronization
 .text.SERVO_Init
                0x0000000008003098      0x438 ./ECUAL/SERVO/SERVO.o
                0x0000000008003098                SERVO_Init
 .text.SERVO_RawMove
                0x00000000080034d0       0x50 ./ECUAL/SERVO/SERVO.o
                0x00000000080034d0                SERVO_RawMove
 .text.SERVO_Get_MaxPulse
                0x0000000008003520       0x24 ./ECUAL/SERVO/SERVO.o
                0x0000000008003520                SERVO_Get_MaxPulse
 .text.SERVO_Get_MinPulse
                0x0000000008003544       0x20 ./ECUAL/SERVO/SERVO.o
                0x0000000008003544                SERVO_Get_MinPulse
 .text.main     0x0000000008003564       0xc4 ./Src/main.o
                0x0000000008003564                main
 .text.SystemClock_Config
                0x0000000008003628       0xb6 ./Src/main.o
                0x0000000008003628                SystemClock_Config
 *fill*         0x00000000080036de        0x2 
 .text.MX_ADC1_Init
                0x00000000080036e0       0x7c ./Src/main.o
 .text.MX_GPIO_Init
                0x000000000800375c       0x44 ./Src/main.o
 .text.Error_Handler
                0x00000000080037a0        0xc ./Src/main.o
                0x00000000080037a0                Error_Handler
 .text.HAL_MspInit
                0x00000000080037ac       0x64 ./Src/stm32f1xx_hal_msp.o
                0x00000000080037ac                HAL_MspInit
 .text.HAL_ADC_MspInit
                0x0000000008003810       0x78 ./Src/stm32f1xx_hal_msp.o
                0x0000000008003810                HAL_ADC_MspInit
 .text.NMI_Handler
                0x0000000008003888        0xc ./Src/stm32f1xx_it.o
                0x0000000008003888                NMI_Handler
 .text.HardFault_Handler
                0x0000000008003894        0x6 ./Src/stm32f1xx_it.o
                0x0000000008003894                HardFault_Handler
 .text.MemManage_Handler
                0x000000000800389a        0x6 ./Src/stm32f1xx_it.o
                0x000000000800389a                MemManage_Handler
 .text.BusFault_Handler
                0x00000000080038a0        0x6 ./Src/stm32f1xx_it.o
                0x00000000080038a0                BusFault_Handler
 .text.UsageFault_Handler
                0x00000000080038a6        0x6 ./Src/stm32f1xx_it.o
                0x00000000080038a6                UsageFault_Handler
 .text.SVC_Handler
                0x00000000080038ac        0xc ./Src/stm32f1xx_it.o
                0x00000000080038ac                SVC_Handler
 .text.DebugMon_Handler
                0x00000000080038b8        0xc ./Src/stm32f1xx_it.o
                0x00000000080038b8                DebugMon_Handler
 .text.PendSV_Handler
                0x00000000080038c4        0xc ./Src/stm32f1xx_it.o
                0x00000000080038c4                PendSV_Handler
 .text.SysTick_Handler
                0x00000000080038d0        0xc ./Src/stm32f1xx_it.o
                0x00000000080038d0                SysTick_Handler
 .text.SystemInit
                0x00000000080038dc       0x68 ./Src/system_stm32f1xx.o
                0x00000000080038dc                SystemInit
 .text.Reset_Handler
                0x0000000008003944       0x48 ./Startup/startup_stm32f103c8tx.o
                0x0000000008003944                Reset_Handler
 .text.Default_Handler
                0x000000000800398c        0x2 ./Startup/startup_stm32f103c8tx.o
                0x000000000800398c                RTC_Alarm_IRQHandler
                0x000000000800398c                EXTI2_IRQHandler
                0x000000000800398c                TIM1_CC_IRQHandler
                0x000000000800398c                PVD_IRQHandler
                0x000000000800398c                EXTI3_IRQHandler
                0x000000000800398c                EXTI0_IRQHandler
                0x000000000800398c                I2C2_EV_IRQHandler
                0x000000000800398c                ADC1_2_IRQHandler
                0x000000000800398c                SPI1_IRQHandler
                0x000000000800398c                TAMPER_IRQHandler
                0x000000000800398c                DMA1_Channel4_IRQHandler
                0x000000000800398c                USART3_IRQHandler
                0x000000000800398c                RTC_IRQHandler
                0x000000000800398c                DMA1_Channel7_IRQHandler
                0x000000000800398c                CAN1_RX1_IRQHandler
                0x000000000800398c                TIM4_IRQHandler
                0x000000000800398c                I2C1_EV_IRQHandler
                0x000000000800398c                DMA1_Channel6_IRQHandler
                0x000000000800398c                TIM3_IRQHandler
                0x000000000800398c                RCC_IRQHandler
                0x000000000800398c                TIM1_TRG_COM_IRQHandler
                0x000000000800398c                DMA1_Channel1_IRQHandler
                0x000000000800398c                Default_Handler
                0x000000000800398c                EXTI15_10_IRQHandler
                0x000000000800398c                EXTI9_5_IRQHandler
                0x000000000800398c                SPI2_IRQHandler
                0x000000000800398c                DMA1_Channel5_IRQHandler
                0x000000000800398c                EXTI4_IRQHandler
                0x000000000800398c                USB_LP_CAN1_RX0_IRQHandler
                0x000000000800398c                USB_HP_CAN1_TX_IRQHandler
                0x000000000800398c                DMA1_Channel3_IRQHandler
                0x000000000800398c                TIM1_UP_IRQHandler
                0x000000000800398c                WWDG_IRQHandler
                0x000000000800398c                TIM2_IRQHandler
                0x000000000800398c                TIM1_BRK_IRQHandler
                0x000000000800398c                EXTI1_IRQHandler
                0x000000000800398c                USART2_IRQHandler
                0x000000000800398c                I2C2_ER_IRQHandler
                0x000000000800398c                DMA1_Channel2_IRQHandler
                0x000000000800398c                CAN1_SCE_IRQHandler
                0x000000000800398c                FLASH_IRQHandler
                0x000000000800398c                USART1_IRQHandler
                0x000000000800398c                I2C1_ER_IRQHandler
                0x000000000800398c                USBWakeUp_IRQHandler
 *fill*         0x000000000800398e        0x2 
 .text.DWT_Delay_Init
                0x0000000008003990       0x60 ./util/DWT_Delay.o
                0x0000000008003990                DWT_Delay_Init
 .text.__libc_init_array
                0x00000000080039f0       0x48 d:/2-2022/sistemas_embebidos/stm32cubeide_1.10.1/stm32cubeide/plugins/com.st.stm32cube.ide.mcu.externaltools.gnu-tools-for-stm32.10.3-2021.10.win32_1.0.0.202111181127/tools/bin/../lib/gcc/arm-none-eabi/10.3.1/../../../../arm-none-eabi/lib/thumb/v7-m/nofp\libc_nano.a(lib_a-init.o)
                0x00000000080039f0                __libc_init_array
 .text.memset   0x0000000008003a38       0x10 d:/2-2022/sistemas_embebidos/stm32cubeide_1.10.1/stm32cubeide/plugins/com.st.stm32cube.ide.mcu.externaltools.gnu-tools-for-stm32.10.3-2021.10.win32_1.0.0.202111181127/tools/bin/../lib/gcc/arm-none-eabi/10.3.1/../../../../arm-none-eabi/lib/thumb/v7-m/nofp\libc_nano.a(lib_a-memset.o)
                0x0000000008003a38                memset
 *(.glue_7)
 .glue_7        0x0000000008003a48        0x0 linker stubs
 *(.glue_7t)
 .glue_7t       0x0000000008003a48        0x0 linker stubs
 *(.eh_frame)
 .eh_frame      0x0000000008003a48        0x0 d:/2-2022/sistemas_embebidos/stm32cubeide_1.10.1/stm32cubeide/plugins/com.st.stm32cube.ide.mcu.externaltools.gnu-tools-for-stm32.10.3-2021.10.win32_1.0.0.202111181127/tools/bin/../lib/gcc/arm-none-eabi/10.3.1/thumb/v7-m/nofp/crtbegin.o
 *(.init)
 .init          0x0000000008003a48        0x4 d:/2-2022/sistemas_embebidos/stm32cubeide_1.10.1/stm32cubeide/plugins/com.st.stm32cube.ide.mcu.externaltools.gnu-tools-for-stm32.10.3-2021.10.win32_1.0.0.202111181127/tools/bin/../lib/gcc/arm-none-eabi/10.3.1/thumb/v7-m/nofp/crti.o
                0x0000000008003a48                _init
 .init          0x0000000008003a4c        0x8 d:/2-2022/sistemas_embebidos/stm32cubeide_1.10.1/stm32cubeide/plugins/com.st.stm32cube.ide.mcu.externaltools.gnu-tools-for-stm32.10.3-2021.10.win32_1.0.0.202111181127/tools/bin/../lib/gcc/arm-none-eabi/10.3.1/thumb/v7-m/nofp/crtn.o
 *(.fini)
 .fini          0x0000000008003a54        0x4 d:/2-2022/sistemas_embebidos/stm32cubeide_1.10.1/stm32cubeide/plugins/com.st.stm32cube.ide.mcu.externaltools.gnu-tools-for-stm32.10.3-2021.10.win32_1.0.0.202111181127/tools/bin/../lib/gcc/arm-none-eabi/10.3.1/thumb/v7-m/nofp/crti.o
                0x0000000008003a54                _fini
 .fini          0x0000000008003a58        0x8 d:/2-2022/sistemas_embebidos/stm32cubeide_1.10.1/stm32cubeide/plugins/com.st.stm32cube.ide.mcu.externaltools.gnu-tools-for-stm32.10.3-2021.10.win32_1.0.0.202111181127/tools/bin/../lib/gcc/arm-none-eabi/10.3.1/thumb/v7-m/nofp/crtn.o
                0x0000000008003a60                . = ALIGN (0x4)
                0x0000000008003a60                _etext = .

.vfp11_veneer   0x0000000008003a60        0x0
 .vfp11_veneer  0x0000000008003a60        0x0 linker stubs

.v4_bx          0x0000000008003a60        0x0
 .v4_bx         0x0000000008003a60        0x0 linker stubs

.iplt           0x0000000008003a60        0x0
 .iplt          0x0000000008003a60        0x0 d:/2-2022/sistemas_embebidos/stm32cubeide_1.10.1/stm32cubeide/plugins/com.st.stm32cube.ide.mcu.externaltools.gnu-tools-for-stm32.10.3-2021.10.win32_1.0.0.202111181127/tools/bin/../lib/gcc/arm-none-eabi/10.3.1/thumb/v7-m/nofp/crtbegin.o

.rodata         0x0000000008003a60       0x58
                0x0000000008003a60                . = ALIGN (0x4)
 *(.rodata)
 .rodata        0x0000000008003a60       0x10 ./Drivers/STM32F1xx_HAL_Driver/Src/stm32f1xx_hal_rcc.o
 .rodata        0x0000000008003a70       0x10 ./Drivers/STM32F1xx_HAL_Driver/Src/stm32f1xx_hal_rcc_ex.o
 *(.rodata*)
 .rodata.SERVO_CfgParam
                0x0000000008003a80       0x20 ./ECUAL/SERVO/SERVO_cfg.o
                0x0000000008003a80                SERVO_CfgParam
 .rodata.AHBPrescTable
                0x0000000008003aa0       0x10 ./Src/system_stm32f1xx.o
                0x0000000008003aa0                AHBPrescTable
 .rodata.APBPrescTable
                0x0000000008003ab0        0x8 ./Src/system_stm32f1xx.o
                0x0000000008003ab0                APBPrescTable
                0x0000000008003ab8                . = ALIGN (0x4)

.rel.dyn        0x0000000008003ab8        0x0
 .rel.iplt      0x0000000008003ab8        0x0 d:/2-2022/sistemas_embebidos/stm32cubeide_1.10.1/stm32cubeide/plugins/com.st.stm32cube.ide.mcu.externaltools.gnu-tools-for-stm32.10.3-2021.10.win32_1.0.0.202111181127/tools/bin/../lib/gcc/arm-none-eabi/10.3.1/thumb/v7-m/nofp/crtbegin.o

.ARM.extab      0x0000000008003ab8        0x0
                0x0000000008003ab8                . = ALIGN (0x4)
 *(.ARM.extab* .gnu.linkonce.armextab.*)
                0x0000000008003ab8                . = ALIGN (0x4)

.ARM            0x0000000008003ab8        0x0
                0x0000000008003ab8                . = ALIGN (0x4)
                0x0000000008003ab8                __exidx_start = .
 *(.ARM.exidx*)
                0x0000000008003ab8                __exidx_end = .
                0x0000000008003ab8                . = ALIGN (0x4)

.preinit_array  0x0000000008003ab8        0x0
                0x0000000008003ab8                . = ALIGN (0x4)
                0x0000000008003ab8                PROVIDE (__preinit_array_start = .)
 *(.preinit_array*)
                0x0000000008003ab8                PROVIDE (__preinit_array_end = .)
                0x0000000008003ab8                . = ALIGN (0x4)

.init_array     0x0000000008003ab8        0x4
                0x0000000008003ab8                . = ALIGN (0x4)
                0x0000000008003ab8                PROVIDE (__init_array_start = .)
 *(SORT_BY_NAME(.init_array.*))
 *(.init_array*)
 .init_array    0x0000000008003ab8        0x4 d:/2-2022/sistemas_embebidos/stm32cubeide_1.10.1/stm32cubeide/plugins/com.st.stm32cube.ide.mcu.externaltools.gnu-tools-for-stm32.10.3-2021.10.win32_1.0.0.202111181127/tools/bin/../lib/gcc/arm-none-eabi/10.3.1/thumb/v7-m/nofp/crtbegin.o
                0x0000000008003abc                PROVIDE (__init_array_end = .)
                0x0000000008003abc                . = ALIGN (0x4)

.fini_array     0x0000000008003abc        0x4
                0x0000000008003abc                . = ALIGN (0x4)
                [!provide]                        PROVIDE (__fini_array_start = .)
 *(SORT_BY_NAME(.fini_array.*))
 *(.fini_array*)
 .fini_array    0x0000000008003abc        0x4 d:/2-2022/sistemas_embebidos/stm32cubeide_1.10.1/stm32cubeide/plugins/com.st.stm32cube.ide.mcu.externaltools.gnu-tools-for-stm32.10.3-2021.10.win32_1.0.0.202111181127/tools/bin/../lib/gcc/arm-none-eabi/10.3.1/thumb/v7-m/nofp/crtbegin.o
                [!provide]                        PROVIDE (__fini_array_end = .)
                0x0000000008003ac0                . = ALIGN (0x4)
                0x0000000008003ac0                _sidata = LOADADDR (.data)

.data           0x0000000020000000        0xc load address 0x0000000008003ac0
                0x0000000020000000                . = ALIGN (0x4)
                0x0000000020000000                _sdata = .
 *(.data)
 *(.data*)
 .data.uwTickPrio
                0x0000000020000000        0x4 ./Drivers/STM32F1xx_HAL_Driver/Src/stm32f1xx_hal.o
                0x0000000020000000                uwTickPrio
 .data.uwTickFreq
                0x0000000020000004        0x1 ./Drivers/STM32F1xx_HAL_Driver/Src/stm32f1xx_hal.o
                0x0000000020000004                uwTickFreq
 *fill*         0x0000000020000005        0x3 
 .data.SystemCoreClock
                0x0000000020000008        0x4 ./Src/system_stm32f1xx.o
                0x0000000020000008                SystemCoreClock
                0x000000002000000c                . = ALIGN (0x4)
                0x000000002000000c                _edata = .

.igot.plt       0x000000002000000c        0x0 load address 0x0000000008003acc
 .igot.plt      0x000000002000000c        0x0 d:/2-2022/sistemas_embebidos/stm32cubeide_1.10.1/stm32cubeide/plugins/com.st.stm32cube.ide.mcu.externaltools.gnu-tools-for-stm32.10.3-2021.10.win32_1.0.0.202111181127/tools/bin/../lib/gcc/arm-none-eabi/10.3.1/thumb/v7-m/nofp/crtbegin.o
                0x000000002000000c                . = ALIGN (0x4)

.bss            0x000000002000000c       0x54 load address 0x0000000008003acc
                0x000000002000000c                _sbss = .
                0x000000002000000c                __bss_start__ = _sbss
 *(.bss)
 .bss           0x000000002000000c       0x1c d:/2-2022/sistemas_embebidos/stm32cubeide_1.10.1/stm32cubeide/plugins/com.st.stm32cube.ide.mcu.externaltools.gnu-tools-for-stm32.10.3-2021.10.win32_1.0.0.202111181127/tools/bin/../lib/gcc/arm-none-eabi/10.3.1/thumb/v7-m/nofp/crtbegin.o
 *(.bss*)
 .bss.uwTick    0x0000000020000028        0x4 ./Drivers/STM32F1xx_HAL_Driver/Src/stm32f1xx_hal.o
                0x0000000020000028                uwTick
 .bss.gs_SERVO_info
                0x000000002000002c        0x4 ./ECUAL/SERVO/SERVO.o
 .bss.hadc1     0x0000000020000030       0x30 ./Src/main.o
                0x0000000020000030                hadc1
 *(COMMON)
                0x0000000020000060                . = ALIGN (0x4)
                0x0000000020000060                _ebss = .
                0x0000000020000060                __bss_end__ = _ebss

._user_heap_stack
                0x0000000020000060      0x600 load address 0x0000000008003acc
                0x0000000020000060                . = ALIGN (0x8)
                0x0000000020000060                PROVIDE (end = .)
                [!provide]                        PROVIDE (_end = .)
                0x0000000020000260                . = (. + _Min_Heap_Size)
 *fill*         0x0000000020000060      0x200 
                0x0000000020000660                . = (. + _Min_Stack_Size)
 *fill*         0x0000000020000260      0x400 
                0x0000000020000660                . = ALIGN (0x8)

/DISCARD/
 libc.a(*)
 libm.a(*)
 libgcc.a(*)

.ARM.attributes
                0x0000000000000000       0x29
 *(.ARM.attributes)
 .ARM.attributes
                0x0000000000000000       0x1d d:/2-2022/sistemas_embebidos/stm32cubeide_1.10.1/stm32cubeide/plugins/com.st.stm32cube.ide.mcu.externaltools.gnu-tools-for-stm32.10.3-2021.10.win32_1.0.0.202111181127/tools/bin/../lib/gcc/arm-none-eabi/10.3.1/thumb/v7-m/nofp/crti.o
 .ARM.attributes
                0x000000000000001d       0x2d d:/2-2022/sistemas_embebidos/stm32cubeide_1.10.1/stm32cubeide/plugins/com.st.stm32cube.ide.mcu.externaltools.gnu-tools-for-stm32.10.3-2021.10.win32_1.0.0.202111181127/tools/bin/../lib/gcc/arm-none-eabi/10.3.1/thumb/v7-m/nofp/crtbegin.o
 .ARM.attributes
                0x000000000000004a       0x2d ./Drivers/STM32F1xx_HAL_Driver/Src/stm32f1xx_hal.o
 .ARM.attributes
                0x0000000000000077       0x2d ./Drivers/STM32F1xx_HAL_Driver/Src/stm32f1xx_hal_adc.o
 .ARM.attributes
                0x00000000000000a4       0x2d ./Drivers/STM32F1xx_HAL_Driver/Src/stm32f1xx_hal_cortex.o
 .ARM.attributes
                0x00000000000000d1       0x2d ./Drivers/STM32F1xx_HAL_Driver/Src/stm32f1xx_hal_gpio.o
 .ARM.attributes
                0x00000000000000fe       0x2d ./Drivers/STM32F1xx_HAL_Driver/Src/stm32f1xx_hal_rcc.o
 .ARM.attributes
                0x000000000000012b       0x2d ./Drivers/STM32F1xx_HAL_Driver/Src/stm32f1xx_hal_rcc_ex.o
 .ARM.attributes
                0x0000000000000158       0x2d ./Drivers/STM32F1xx_HAL_Driver/Src/stm32f1xx_hal_tim.o
 .ARM.attributes
                0x0000000000000185       0x2d ./Drivers/STM32F1xx_HAL_Driver/Src/stm32f1xx_hal_tim_ex.o
 .ARM.attributes
                0x00000000000001b2       0x2d ./ECUAL/SERVO/SERVO.o
 .ARM.attributes
                0x00000000000001df       0x2d ./ECUAL/SERVO/SERVO_cfg.o
 .ARM.attributes
                0x000000000000020c       0x2d ./Src/main.o
 .ARM.attributes
                0x0000000000000239       0x2d ./Src/stm32f1xx_hal_msp.o
 .ARM.attributes
                0x0000000000000266       0x2d ./Src/stm32f1xx_it.o
 .ARM.attributes
                0x0000000000000293       0x2d ./Src/system_stm32f1xx.o
 .ARM.attributes
                0x00000000000002c0       0x21 ./Startup/startup_stm32f103c8tx.o
 .ARM.attributes
                0x00000000000002e1       0x2d ./util/DWT_Delay.o
 .ARM.attributes
                0x000000000000030e       0x2d d:/2-2022/sistemas_embebidos/stm32cubeide_1.10.1/stm32cubeide/plugins/com.st.stm32cube.ide.mcu.externaltools.gnu-tools-for-stm32.10.3-2021.10.win32_1.0.0.202111181127/tools/bin/../lib/gcc/arm-none-eabi/10.3.1/../../../../arm-none-eabi/lib/thumb/v7-m/nofp\libc_nano.a(lib_a-init.o)
 .ARM.attributes
                0x000000000000033b       0x2d d:/2-2022/sistemas_embebidos/stm32cubeide_1.10.1/stm32cubeide/plugins/com.st.stm32cube.ide.mcu.externaltools.gnu-tools-for-stm32.10.3-2021.10.win32_1.0.0.202111181127/tools/bin/../lib/gcc/arm-none-eabi/10.3.1/../../../../arm-none-eabi/lib/thumb/v7-m/nofp\libc_nano.a(lib_a-memset.o)
 .ARM.attributes
                0x0000000000000368       0x1d d:/2-2022/sistemas_embebidos/stm32cubeide_1.10.1/stm32cubeide/plugins/com.st.stm32cube.ide.mcu.externaltools.gnu-tools-for-stm32.10.3-2021.10.win32_1.0.0.202111181127/tools/bin/../lib/gcc/arm-none-eabi/10.3.1/thumb/v7-m/nofp\libgcc.a(_arm_mulsf3.o)
 .ARM.attributes
                0x0000000000000385       0x1d d:/2-2022/sistemas_embebidos/stm32cubeide_1.10.1/stm32cubeide/plugins/com.st.stm32cube.ide.mcu.externaltools.gnu-tools-for-stm32.10.3-2021.10.win32_1.0.0.202111181127/tools/bin/../lib/gcc/arm-none-eabi/10.3.1/thumb/v7-m/nofp\libgcc.a(_arm_addsubdf3.o)
 .ARM.attributes
                0x00000000000003a2       0x1d d:/2-2022/sistemas_embebidos/stm32cubeide_1.10.1/stm32cubeide/plugins/com.st.stm32cube.ide.mcu.externaltools.gnu-tools-for-stm32.10.3-2021.10.win32_1.0.0.202111181127/tools/bin/../lib/gcc/arm-none-eabi/10.3.1/thumb/v7-m/nofp\libgcc.a(_arm_muldivdf3.o)
 .ARM.attributes
                0x00000000000003bf       0x1d d:/2-2022/sistemas_embebidos/stm32cubeide_1.10.1/stm32cubeide/plugins/com.st.stm32cube.ide.mcu.externaltools.gnu-tools-for-stm32.10.3-2021.10.win32_1.0.0.202111181127/tools/bin/../lib/gcc/arm-none-eabi/10.3.1/thumb/v7-m/nofp\libgcc.a(_arm_fixunsdfsi.o)
 .ARM.attributes
                0x00000000000003dc       0x1d d:/2-2022/sistemas_embebidos/stm32cubeide_1.10.1/stm32cubeide/plugins/com.st.stm32cube.ide.mcu.externaltools.gnu-tools-for-stm32.10.3-2021.10.win32_1.0.0.202111181127/tools/bin/../lib/gcc/arm-none-eabi/10.3.1/thumb/v7-m/nofp\libgcc.a(_arm_truncdfsf2.o)
 .ARM.attributes
                0x00000000000003f9       0x1d d:/2-2022/sistemas_embebidos/stm32cubeide_1.10.1/stm32cubeide/plugins/com.st.stm32cube.ide.mcu.externaltools.gnu-tools-for-stm32.10.3-2021.10.win32_1.0.0.202111181127/tools/bin/../lib/gcc/arm-none-eabi/10.3.1/thumb/v7-m/nofp\libgcc.a(_arm_addsubsf3.o)
 .ARM.attributes
                0x0000000000000416       0x1d d:/2-2022/sistemas_embebidos/stm32cubeide_1.10.1/stm32cubeide/plugins/com.st.stm32cube.ide.mcu.externaltools.gnu-tools-for-stm32.10.3-2021.10.win32_1.0.0.202111181127/tools/bin/../lib/gcc/arm-none-eabi/10.3.1/thumb/v7-m/nofp\libgcc.a(_arm_fixunssfsi.o)
 .ARM.attributes
                0x0000000000000433       0x1d d:/2-2022/sistemas_embebidos/stm32cubeide_1.10.1/stm32cubeide/plugins/com.st.stm32cube.ide.mcu.externaltools.gnu-tools-for-stm32.10.3-2021.10.win32_1.0.0.202111181127/tools/bin/../lib/gcc/arm-none-eabi/10.3.1/thumb/v7-m/nofp/crtn.o
OUTPUT(STM32_Servo_LAB27.elf elf32-littlearm)
LOAD linker stubs
LOAD d:/2-2022/sistemas_embebidos/stm32cubeide_1.10.1/stm32cubeide/plugins/com.st.stm32cube.ide.mcu.externaltools.gnu-tools-for-stm32.10.3-2021.10.win32_1.0.0.202111181127/tools/bin/../lib/gcc/arm-none-eabi/10.3.1/../../../../arm-none-eabi/lib/thumb/v7-m/nofp\libc.a
LOAD d:/2-2022/sistemas_embebidos/stm32cubeide_1.10.1/stm32cubeide/plugins/com.st.stm32cube.ide.mcu.externaltools.gnu-tools-for-stm32.10.3-2021.10.win32_1.0.0.202111181127/tools/bin/../lib/gcc/arm-none-eabi/10.3.1/../../../../arm-none-eabi/lib/thumb/v7-m/nofp\libm.a
LOAD d:/2-2022/sistemas_embebidos/stm32cubeide_1.10.1/stm32cubeide/plugins/com.st.stm32cube.ide.mcu.externaltools.gnu-tools-for-stm32.10.3-2021.10.win32_1.0.0.202111181127/tools/bin/../lib/gcc/arm-none-eabi/10.3.1/thumb/v7-m/nofp\libgcc.a

.debug_info     0x0000000000000000     0x94ea
 .debug_info    0x0000000000000000      0x71c ./Drivers/STM32F1xx_HAL_Driver/Src/stm32f1xx_hal.o
 .debug_info    0x000000000000071c      0xcd9 ./Drivers/STM32F1xx_HAL_Driver/Src/stm32f1xx_hal_adc.o
 .debug_info    0x00000000000013f5      0xb20 ./Drivers/STM32F1xx_HAL_Driver/Src/stm32f1xx_hal_cortex.o
 .debug_info    0x0000000000001f15      0x605 ./Drivers/STM32F1xx_HAL_Driver/Src/stm32f1xx_hal_gpio.o
 .debug_info    0x000000000000251a      0x860 ./Drivers/STM32F1xx_HAL_Driver/Src/stm32f1xx_hal_rcc.o
 .debug_info    0x0000000000002d7a      0x3e0 ./Drivers/STM32F1xx_HAL_Driver/Src/stm32f1xx_hal_rcc_ex.o
 .debug_info    0x000000000000315a     0x2619 ./Drivers/STM32F1xx_HAL_Driver/Src/stm32f1xx_hal_tim.o
 .debug_info    0x0000000000005773     0x123d ./Drivers/STM32F1xx_HAL_Driver/Src/stm32f1xx_hal_tim_ex.o
 .debug_info    0x00000000000069b0      0xe5c ./ECUAL/SERVO/SERVO.o
 .debug_info    0x000000000000780c      0x31d ./ECUAL/SERVO/SERVO_cfg.o
 .debug_info    0x0000000000007b29      0xa11 ./Src/main.o
 .debug_info    0x000000000000853a      0x80b ./Src/stm32f1xx_hal_msp.o
 .debug_info    0x0000000000008d45      0x122 ./Src/stm32f1xx_it.o
 .debug_info    0x0000000000008e67      0x3f8 ./Src/system_stm32f1xx.o
 .debug_info    0x000000000000925f       0x22 ./Startup/startup_stm32f103c8tx.o
 .debug_info    0x0000000000009281      0x269 ./util/DWT_Delay.o

.debug_abbrev   0x0000000000000000     0x1ae5
 .debug_abbrev  0x0000000000000000      0x20e ./Drivers/STM32F1xx_HAL_Driver/Src/stm32f1xx_hal.o
 .debug_abbrev  0x000000000000020e      0x210 ./Drivers/STM32F1xx_HAL_Driver/Src/stm32f1xx_hal_adc.o
 .debug_abbrev  0x000000000000041e      0x2ed ./Drivers/STM32F1xx_HAL_Driver/Src/stm32f1xx_hal_cortex.o
 .debug_abbrev  0x000000000000070b      0x1bb ./Drivers/STM32F1xx_HAL_Driver/Src/stm32f1xx_hal_gpio.o
 .debug_abbrev  0x00000000000008c6      0x2a8 ./Drivers/STM32F1xx_HAL_Driver/Src/stm32f1xx_hal_rcc.o
 .debug_abbrev  0x0000000000000b6e      0x182 ./Drivers/STM32F1xx_HAL_Driver/Src/stm32f1xx_hal_rcc_ex.o
 .debug_abbrev  0x0000000000000cf0      0x25d ./Drivers/STM32F1xx_HAL_Driver/Src/stm32f1xx_hal_tim.o
 .debug_abbrev  0x0000000000000f4d      0x24b ./Drivers/STM32F1xx_HAL_Driver/Src/stm32f1xx_hal_tim_ex.o
 .debug_abbrev  0x0000000000001198      0x251 ./ECUAL/SERVO/SERVO.o
 .debug_abbrev  0x00000000000013e9       0xd4 ./ECUAL/SERVO/SERVO_cfg.o
 .debug_abbrev  0x00000000000014bd      0x22c ./Src/main.o
 .debug_abbrev  0x00000000000016e9      0x194 ./Src/stm32f1xx_hal_msp.o
 .debug_abbrev  0x000000000000187d       0x74 ./Src/stm32f1xx_it.o
 .debug_abbrev  0x00000000000018f1      0x13b ./Src/system_stm32f1xx.o
 .debug_abbrev  0x0000000000001a2c       0x12 ./Startup/startup_stm32f103c8tx.o
 .debug_abbrev  0x0000000000001a3e       0xa7 ./util/DWT_Delay.o

.debug_aranges  0x0000000000000000      0xa88
 .debug_aranges
                0x0000000000000000       0xe0 ./Drivers/STM32F1xx_HAL_Driver/Src/stm32f1xx_hal.o
 .debug_aranges
                0x00000000000000e0       0xf0 ./Drivers/STM32F1xx_HAL_Driver/Src/stm32f1xx_hal_adc.o
 .debug_aranges
                0x00000000000001d0      0x100 ./Drivers/STM32F1xx_HAL_Driver/Src/stm32f1xx_hal_cortex.o
 .debug_aranges
                0x00000000000002d0       0x58 ./Drivers/STM32F1xx_HAL_Driver/Src/stm32f1xx_hal_gpio.o
 .debug_aranges
                0x0000000000000328       0x90 ./Drivers/STM32F1xx_HAL_Driver/Src/stm32f1xx_hal_rcc.o
 .debug_aranges
                0x00000000000003b8       0x30 ./Drivers/STM32F1xx_HAL_Driver/Src/stm32f1xx_hal_rcc_ex.o
 .debug_aranges
                0x00000000000003e8      0x3a8 ./Drivers/STM32F1xx_HAL_Driver/Src/stm32f1xx_hal_tim.o
 .debug_aranges
                0x0000000000000790      0x150 ./Drivers/STM32F1xx_HAL_Driver/Src/stm32f1xx_hal_tim_ex.o
 .debug_aranges
                0x00000000000008e0       0x50 ./ECUAL/SERVO/SERVO.o
 .debug_aranges
                0x0000000000000930       0x18 ./ECUAL/SERVO/SERVO_cfg.o
 .debug_aranges
                0x0000000000000948       0x40 ./Src/main.o
 .debug_aranges
                0x0000000000000988       0x30 ./Src/stm32f1xx_hal_msp.o
 .debug_aranges
                0x00000000000009b8       0x60 ./Src/stm32f1xx_it.o
 .debug_aranges
                0x0000000000000a18       0x28 ./Src/system_stm32f1xx.o
 .debug_aranges
                0x0000000000000a40       0x28 ./Startup/startup_stm32f103c8tx.o
 .debug_aranges
                0x0000000000000a68       0x20 ./util/DWT_Delay.o

.debug_ranges   0x0000000000000000      0x988
 .debug_ranges  0x0000000000000000       0xd0 ./Drivers/STM32F1xx_HAL_Driver/Src/stm32f1xx_hal.o
 .debug_ranges  0x00000000000000d0       0xe0 ./Drivers/STM32F1xx_HAL_Driver/Src/stm32f1xx_hal_adc.o
 .debug_ranges  0x00000000000001b0       0xf0 ./Drivers/STM32F1xx_HAL_Driver/Src/stm32f1xx_hal_cortex.o
 .debug_ranges  0x00000000000002a0       0x48 ./Drivers/STM32F1xx_HAL_Driver/Src/stm32f1xx_hal_gpio.o
 .debug_ranges  0x00000000000002e8       0x80 ./Drivers/STM32F1xx_HAL_Driver/Src/stm32f1xx_hal_rcc.o
 .debug_ranges  0x0000000000000368       0x20 ./Drivers/STM32F1xx_HAL_Driver/Src/stm32f1xx_hal_rcc_ex.o
 .debug_ranges  0x0000000000000388      0x398 ./Drivers/STM32F1xx_HAL_Driver/Src/stm32f1xx_hal_tim.o
 .debug_ranges  0x0000000000000720      0x140 ./Drivers/STM32F1xx_HAL_Driver/Src/stm32f1xx_hal_tim_ex.o
 .debug_ranges  0x0000000000000860       0x40 ./ECUAL/SERVO/SERVO.o
 .debug_ranges  0x00000000000008a0       0x30 ./Src/main.o
 .debug_ranges  0x00000000000008d0       0x20 ./Src/stm32f1xx_hal_msp.o
 .debug_ranges  0x00000000000008f0       0x50 ./Src/stm32f1xx_it.o
 .debug_ranges  0x0000000000000940       0x18 ./Src/system_stm32f1xx.o
 .debug_ranges  0x0000000000000958       0x20 ./Startup/startup_stm32f103c8tx.o
 .debug_ranges  0x0000000000000978       0x10 ./util/DWT_Delay.o

.debug_macro    0x0000000000000000    0x13fda
 .debug_macro   0x0000000000000000      0x1c8 ./Drivers/STM32F1xx_HAL_Driver/Src/stm32f1xx_hal.o
 .debug_macro   0x00000000000001c8      0xa6c ./Drivers/STM32F1xx_HAL_Driver/Src/stm32f1xx_hal.o
 .debug_macro   0x0000000000000c34      0x21b ./Drivers/STM32F1xx_HAL_Driver/Src/stm32f1xx_hal.o
 .debug_macro   0x0000000000000e4f       0x2e ./Drivers/STM32F1xx_HAL_Driver/Src/stm32f1xx_hal.o
 .debug_macro   0x0000000000000e7d       0x22 ./Drivers/STM32F1xx_HAL_Driver/Src/stm32f1xx_hal.o
 .debug_macro   0x0000000000000e9f       0x22 ./Drivers/STM32F1xx_HAL_Driver/Src/stm32f1xx_hal.o
 .debug_macro   0x0000000000000ec1       0x8e ./Drivers/STM32F1xx_HAL_Driver/Src/stm32f1xx_hal.o
 .debug_macro   0x0000000000000f4f       0x51 ./Drivers/STM32F1xx_HAL_Driver/Src/stm32f1xx_hal.o
 .debug_macro   0x0000000000000fa0      0x103 ./Drivers/STM32F1xx_HAL_Driver/Src/stm32f1xx_hal.o
 .debug_macro   0x00000000000010a3       0x6a ./Drivers/STM32F1xx_HAL_Driver/Src/stm32f1xx_hal.o
 .debug_macro   0x000000000000110d      0x1df ./Drivers/STM32F1xx_HAL_Driver/Src/stm32f1xx_hal.o
 .debug_macro   0x00000000000012ec       0x1c ./Drivers/STM32F1xx_HAL_Driver/Src/stm32f1xx_hal.o
 .debug_macro   0x0000000000001308       0x22 ./Drivers/STM32F1xx_HAL_Driver/Src/stm32f1xx_hal.o
 .debug_macro   0x000000000000132a       0xbd ./Drivers/STM32F1xx_HAL_Driver/Src/stm32f1xx_hal.o
 .debug_macro   0x00000000000013e7      0xd23 ./Drivers/STM32F1xx_HAL_Driver/Src/stm32f1xx_hal.o
 .debug_macro   0x000000000000210a     0xe09e ./Drivers/STM32F1xx_HAL_Driver/Src/stm32f1xx_hal.o
 .debug_macro   0x00000000000101a8       0x43 ./Drivers/STM32F1xx_HAL_Driver/Src/stm32f1xx_hal.o
 .debug_macro   0x00000000000101eb      0x174 ./Drivers/STM32F1xx_HAL_Driver/Src/stm32f1xx_hal.o
 .debug_macro   0x000000000001035f       0x5a ./Drivers/STM32F1xx_HAL_Driver/Src/stm32f1xx_hal.o
 .debug_macro   0x00000000000103b9      0x5be ./Drivers/STM32F1xx_HAL_Driver/Src/stm32f1xx_hal.o
 .debug_macro   0x0000000000010977      0x289 ./Drivers/STM32F1xx_HAL_Driver/Src/stm32f1xx_hal.o
 .debug_macro   0x0000000000010c00      0x1cb ./Drivers/STM32F1xx_HAL_Driver/Src/stm32f1xx_hal.o
 .debug_macro   0x0000000000010dcb      0x114 ./Drivers/STM32F1xx_HAL_Driver/Src/stm32f1xx_hal.o
 .debug_macro   0x0000000000010edf      0x1b2 ./Drivers/STM32F1xx_HAL_Driver/Src/stm32f1xx_hal.o
 .debug_macro   0x0000000000011091       0x27 ./Drivers/STM32F1xx_HAL_Driver/Src/stm32f1xx_hal.o
 .debug_macro   0x00000000000110b8      0x136 ./Drivers/STM32F1xx_HAL_Driver/Src/stm32f1xx_hal.o
 .debug_macro   0x00000000000111ee      0x1bc ./Drivers/STM32F1xx_HAL_Driver/Src/stm32f1xx_hal.o
 .debug_macro   0x00000000000113aa       0x34 ./Drivers/STM32F1xx_HAL_Driver/Src/stm32f1xx_hal.o
 .debug_macro   0x00000000000113de       0x3c ./Drivers/STM32F1xx_HAL_Driver/Src/stm32f1xx_hal.o
 .debug_macro   0x000000000001141a       0x57 ./Drivers/STM32F1xx_HAL_Driver/Src/stm32f1xx_hal.o
 .debug_macro   0x0000000000011471      0x46a ./Drivers/STM32F1xx_HAL_Driver/Src/stm32f1xx_hal.o
 .debug_macro   0x00000000000118db      0x1b5 ./Drivers/STM32F1xx_HAL_Driver/Src/stm32f1xx_hal.o
 .debug_macro   0x0000000000011a90       0x88 ./Drivers/STM32F1xx_HAL_Driver/Src/stm32f1xx_hal.o
 .debug_macro   0x0000000000011b18      0x241 ./Drivers/STM32F1xx_HAL_Driver/Src/stm32f1xx_hal.o
 .debug_macro   0x0000000000011d59      0x141 ./Drivers/STM32F1xx_HAL_Driver/Src/stm32f1xx_hal.o
 .debug_macro   0x0000000000011e9a      0x88b ./Drivers/STM32F1xx_HAL_Driver/Src/stm32f1xx_hal.o
 .debug_macro   0x0000000000012725       0x83 ./Drivers/STM32F1xx_HAL_Driver/Src/stm32f1xx_hal.o
 .debug_macro   0x00000000000127a8      0x1c1 ./Drivers/STM32F1xx_HAL_Driver/Src/stm32f1xx_hal_adc.o
 .debug_macro   0x0000000000012969      0x1a4 ./Drivers/STM32F1xx_HAL_Driver/Src/stm32f1xx_hal_cortex.o
 .debug_macro   0x0000000000012b0d      0x20f ./Drivers/STM32F1xx_HAL_Driver/Src/stm32f1xx_hal_gpio.o
 .debug_macro   0x0000000000012d1c      0x1b6 ./Drivers/STM32F1xx_HAL_Driver/Src/stm32f1xx_hal_rcc.o
 .debug_macro   0x0000000000012ed2      0x1a4 ./Drivers/STM32F1xx_HAL_Driver/Src/stm32f1xx_hal_rcc_ex.o
 .debug_macro   0x0000000000013076      0x1a5 ./Drivers/STM32F1xx_HAL_Driver/Src/stm32f1xx_hal_tim.o
 .debug_macro   0x000000000001321b      0x1a4 ./Drivers/STM32F1xx_HAL_Driver/Src/stm32f1xx_hal_tim_ex.o
 .debug_macro   0x00000000000133bf      0x1c7 ./ECUAL/SERVO/SERVO.o
 .debug_macro   0x0000000000013586       0x10 ./ECUAL/SERVO/SERVO.o
 .debug_macro   0x0000000000013596      0x1b3 ./ECUAL/SERVO/SERVO_cfg.o
 .debug_macro   0x0000000000013749      0x1bd ./Src/main.o
 .debug_macro   0x0000000000013906       0x16 ./Src/main.o
 .debug_macro   0x000000000001391c      0x1ae ./Src/stm32f1xx_hal_msp.o
 .debug_macro   0x0000000000013aca      0x1b8 ./Src/stm32f1xx_it.o
 .debug_macro   0x0000000000013c82      0x1aa ./Src/system_stm32f1xx.o
 .debug_macro   0x0000000000013e2c      0x1ae ./util/DWT_Delay.o

.debug_line     0x0000000000000000     0xc1d5
 .debug_line    0x0000000000000000      0xa69 ./Drivers/STM32F1xx_HAL_Driver/Src/stm32f1xx_hal.o
 .debug_line    0x0000000000000a69     0x10c6 ./Drivers/STM32F1xx_HAL_Driver/Src/stm32f1xx_hal_adc.o
 .debug_line    0x0000000000001b2f      0xc57 ./Drivers/STM32F1xx_HAL_Driver/Src/stm32f1xx_hal_cortex.o
 .debug_line    0x0000000000002786      0xb09 ./Drivers/STM32F1xx_HAL_Driver/Src/stm32f1xx_hal_gpio.o
 .debug_line    0x000000000000328f      0xe7d ./Drivers/STM32F1xx_HAL_Driver/Src/stm32f1xx_hal_rcc.o
 .debug_line    0x000000000000410c      0x9bb ./Drivers/STM32F1xx_HAL_Driver/Src/stm32f1xx_hal_rcc_ex.o
 .debug_line    0x0000000000004ac7     0x28c2 ./Drivers/STM32F1xx_HAL_Driver/Src/stm32f1xx_hal_tim.o
 .debug_line    0x0000000000007389     0x1268 ./Drivers/STM32F1xx_HAL_Driver/Src/stm32f1xx_hal_tim_ex.o
 .debug_line    0x00000000000085f1      0xa00 ./ECUAL/SERVO/SERVO.o
 .debug_line    0x0000000000008ff1      0x7a7 ./ECUAL/SERVO/SERVO_cfg.o
 .debug_line    0x0000000000009798      0x90c ./Src/main.o
 .debug_line    0x000000000000a0a4      0x806 ./Src/stm32f1xx_hal_msp.o
 .debug_line    0x000000000000a8aa      0x87b ./Src/stm32f1xx_it.o
 .debug_line    0x000000000000b125      0x85a ./Src/system_stm32f1xx.o
 .debug_line    0x000000000000b97f       0x7f ./Startup/startup_stm32f103c8tx.o
 .debug_line    0x000000000000b9fe      0x7d7 ./util/DWT_Delay.o

.debug_str      0x0000000000000000    0x7070f
 .debug_str     0x0000000000000000    0x6db19 ./Drivers/STM32F1xx_HAL_Driver/Src/stm32f1xx_hal.o
                                      0x6de32 (size before relaxing)
 .debug_str     0x000000000006db19      0x6d2 ./Drivers/STM32F1xx_HAL_Driver/Src/stm32f1xx_hal_adc.o
                                      0x6dde9 (size before relaxing)
 .debug_str     0x000000000006e1eb      0x2db ./Drivers/STM32F1xx_HAL_Driver/Src/stm32f1xx_hal_cortex.o
                                      0x6dd8b (size before relaxing)
 .debug_str     0x000000000006e4c6      0x3a9 ./Drivers/STM32F1xx_HAL_Driver/Src/stm32f1xx_hal_gpio.o
                                      0x6da92 (size before relaxing)
 .debug_str     0x000000000006e86f      0x38f ./Drivers/STM32F1xx_HAL_Driver/Src/stm32f1xx_hal_rcc.o
                                      0x6db3b (size before relaxing)
 .debug_str     0x000000000006ebfe      0x110 ./Drivers/STM32F1xx_HAL_Driver/Src/stm32f1xx_hal_rcc_ex.o
                                      0x6d88b (size before relaxing)
 .debug_str     0x000000000006ed0e     0x1029 ./Drivers/STM32F1xx_HAL_Driver/Src/stm32f1xx_hal_tim.o
                                      0x6e91f (size before relaxing)
 .debug_str     0x000000000006fd37      0x512 ./Drivers/STM32F1xx_HAL_Driver/Src/stm32f1xx_hal_tim_ex.o
                                      0x6e168 (size before relaxing)
 .debug_str     0x0000000000070249      0x26f ./ECUAL/SERVO/SERVO.o
                                      0x6df1f (size before relaxing)
 .debug_str     0x00000000000704b8       0x1b ./ECUAL/SERVO/SERVO_cfg.o
                                      0x6d74b (size before relaxing)
 .debug_str     0x00000000000704d3       0x94 ./Src/main.o
                                      0x6dd2b (size before relaxing)
 .debug_str     0x0000000000070567       0x1b ./Src/stm32f1xx_hal_msp.o
                                      0x6da7c (size before relaxing)
 .debug_str     0x0000000000070582       0xb8 ./Src/stm32f1xx_it.o
                                      0x6d6f1 (size before relaxing)
 .debug_str     0x000000000007063a       0x69 ./Src/system_stm32f1xx.o
                                      0x6d781 (size before relaxing)
 .debug_str     0x00000000000706a3       0x31 ./Startup/startup_stm32f103c8tx.o
                                         0x7c (size before relaxing)
 .debug_str     0x00000000000706d4       0x3b ./util/DWT_Delay.o
                                      0x6d745 (size before relaxing)

.comment        0x0000000000000000       0x50
 .comment       0x0000000000000000       0x50 ./Drivers/STM32F1xx_HAL_Driver/Src/stm32f1xx_hal.o
                                         0x51 (size before relaxing)
 .comment       0x0000000000000050       0x51 ./Drivers/STM32F1xx_HAL_Driver/Src/stm32f1xx_hal_adc.o
 .comment       0x0000000000000050       0x51 ./Drivers/STM32F1xx_HAL_Driver/Src/stm32f1xx_hal_cortex.o
 .comment       0x0000000000000050       0x51 ./Drivers/STM32F1xx_HAL_Driver/Src/stm32f1xx_hal_gpio.o
 .comment       0x0000000000000050       0x51 ./Drivers/STM32F1xx_HAL_Driver/Src/stm32f1xx_hal_rcc.o
 .comment       0x0000000000000050       0x51 ./Drivers/STM32F1xx_HAL_Driver/Src/stm32f1xx_hal_rcc_ex.o
 .comment       0x0000000000000050       0x51 ./Drivers/STM32F1xx_HAL_Driver/Src/stm32f1xx_hal_tim.o
 .comment       0x0000000000000050       0x51 ./Drivers/STM32F1xx_HAL_Driver/Src/stm32f1xx_hal_tim_ex.o
 .comment       0x0000000000000050       0x51 ./ECUAL/SERVO/SERVO.o
 .comment       0x0000000000000050       0x51 ./ECUAL/SERVO/SERVO_cfg.o
 .comment       0x0000000000000050       0x51 ./Src/main.o
 .comment       0x0000000000000050       0x51 ./Src/stm32f1xx_hal_msp.o
 .comment       0x0000000000000050       0x51 ./Src/stm32f1xx_it.o
 .comment       0x0000000000000050       0x51 ./Src/system_stm32f1xx.o
 .comment       0x0000000000000050       0x51 ./util/DWT_Delay.o

.debug_frame    0x0000000000000000     0x2c18
 .debug_frame   0x0000000000000000      0x334 ./Drivers/STM32F1xx_HAL_Driver/Src/stm32f1xx_hal.o
 .debug_frame   0x0000000000000334      0x40c ./Drivers/STM32F1xx_HAL_Driver/Src/stm32f1xx_hal_adc.o
 .debug_frame   0x0000000000000740      0x428 ./Drivers/STM32F1xx_HAL_Driver/Src/stm32f1xx_hal_cortex.o
 .debug_frame   0x0000000000000b68      0x14c ./Drivers/STM32F1xx_HAL_Driver/Src/stm32f1xx_hal_gpio.o
 .debug_frame   0x0000000000000cb4      0x21c ./Drivers/STM32F1xx_HAL_Driver/Src/stm32f1xx_hal_rcc.o
 .debug_frame   0x0000000000000ed0       0x84 ./Drivers/STM32F1xx_HAL_Driver/Src/stm32f1xx_hal_rcc_ex.o
 .debug_frame   0x0000000000000f54     0x10e8 ./Drivers/STM32F1xx_HAL_Driver/Src/stm32f1xx_hal_tim.o
 .debug_frame   0x000000000000203c      0x5c0 ./Drivers/STM32F1xx_HAL_Driver/Src/stm32f1xx_hal_tim_ex.o
 .debug_frame   0x00000000000025fc      0x124 ./ECUAL/SERVO/SERVO.o
 .debug_frame   0x0000000000002720       0xc0 ./Src/main.o
 .debug_frame   0x00000000000027e0       0x80 ./Src/stm32f1xx_hal_msp.o
 .debug_frame   0x0000000000002860      0x10c ./Src/stm32f1xx_it.o
 .debug_frame   0x000000000000296c       0x58 ./Src/system_stm32f1xx.o
 .debug_frame   0x00000000000029c4       0x30 ./util/DWT_Delay.o
 .debug_frame   0x00000000000029f4       0x2c d:/2-2022/sistemas_embebidos/stm32cubeide_1.10.1/stm32cubeide/plugins/com.st.stm32cube.ide.mcu.externaltools.gnu-tools-for-stm32.10.3-2021.10.win32_1.0.0.202111181127/tools/bin/../lib/gcc/arm-none-eabi/10.3.1/../../../../arm-none-eabi/lib/thumb/v7-m/nofp\libc_nano.a(lib_a-init.o)
 .debug_frame   0x0000000000002a20       0x20 d:/2-2022/sistemas_embebidos/stm32cubeide_1.10.1/stm32cubeide/plugins/com.st.stm32cube.ide.mcu.externaltools.gnu-tools-for-stm32.10.3-2021.10.win32_1.0.0.202111181127/tools/bin/../lib/gcc/arm-none-eabi/10.3.1/../../../../arm-none-eabi/lib/thumb/v7-m/nofp\libc_nano.a(lib_a-memset.o)
 .debug_frame   0x0000000000002a40       0x24 d:/2-2022/sistemas_embebidos/stm32cubeide_1.10.1/stm32cubeide/plugins/com.st.stm32cube.ide.mcu.externaltools.gnu-tools-for-stm32.10.3-2021.10.win32_1.0.0.202111181127/tools/bin/../lib/gcc/arm-none-eabi/10.3.1/thumb/v7-m/nofp\libgcc.a(_arm_mulsf3.o)
 .debug_frame   0x0000000000002a64       0xac d:/2-2022/sistemas_embebidos/stm32cubeide_1.10.1/stm32cubeide/plugins/com.st.stm32cube.ide.mcu.externaltools.gnu-tools-for-stm32.10.3-2021.10.win32_1.0.0.202111181127/tools/bin/../lib/gcc/arm-none-eabi/10.3.1/thumb/v7-m/nofp\libgcc.a(_arm_addsubdf3.o)
 .debug_frame   0x0000000000002b10       0x50 d:/2-2022/sistemas_embebidos/stm32cubeide_1.10.1/stm32cubeide/plugins/com.st.stm32cube.ide.mcu.externaltools.gnu-tools-for-stm32.10.3-2021.10.win32_1.0.0.202111181127/tools/bin/../lib/gcc/arm-none-eabi/10.3.1/thumb/v7-m/nofp\libgcc.a(_arm_muldivdf3.o)
 .debug_frame   0x0000000000002b60       0x24 d:/2-2022/sistemas_embebidos/stm32cubeide_1.10.1/stm32cubeide/plugins/com.st.stm32cube.ide.mcu.externaltools.gnu-tools-for-stm32.10.3-2021.10.win32_1.0.0.202111181127/tools/bin/../lib/gcc/arm-none-eabi/10.3.1/thumb/v7-m/nofp\libgcc.a(_arm_fixunsdfsi.o)
 .debug_frame   0x0000000000002b84       0x24 d:/2-2022/sistemas_embebidos/stm32cubeide_1.10.1/stm32cubeide/plugins/com.st.stm32cube.ide.mcu.externaltools.gnu-tools-for-stm32.10.3-2021.10.win32_1.0.0.202111181127/tools/bin/../lib/gcc/arm-none-eabi/10.3.1/thumb/v7-m/nofp\libgcc.a(_arm_truncdfsf2.o)
 .debug_frame   0x0000000000002ba8       0x4c d:/2-2022/sistemas_embebidos/stm32cubeide_1.10.1/stm32cubeide/plugins/com.st.stm32cube.ide.mcu.externaltools.gnu-tools-for-stm32.10.3-2021.10.win32_1.0.0.202111181127/tools/bin/../lib/gcc/arm-none-eabi/10.3.1/thumb/v7-m/nofp\libgcc.a(_arm_addsubsf3.o)
 .debug_frame   0x0000000000002bf4       0x24 d:/2-2022/sistemas_embebidos/stm32cubeide_1.10.1/stm32cubeide/plugins/com.st.stm32cube.ide.mcu.externaltools.gnu-tools-for-stm32.10.3-2021.10.win32_1.0.0.202111181127/tools/bin/../lib/gcc/arm-none-eabi/10.3.1/thumb/v7-m/nofp\libgcc.a(_arm_fixunssfsi.o)
